   Compiling grep-matcher v0.1.7 (/pool/mat_c3_re_nm1/work/crates/matcher)
   Compiling ripgrep v14.1.1 (/pool/mat_c3_re_nm1/work)
   Compiling globset v0.4.16 (/pool/mat_c3_re_nm1/work/crates/globset)
   Compiling grep-searcher v0.1.14 (/pool/mat_c3_re_nm1/work/crates/searcher)
   Compiling grep-regex v0.1.13 (/pool/mat_c3_re_nm1/work/crates/regex)
   Compiling grep-cli v0.1.11 (/pool/mat_c3_re_nm1/work/crates/cli)
   Compiling ignore v0.4.23 (/pool/mat_c3_re_nm1/work/crates/ignore)
   Compiling grep-printer v0.2.2 (/pool/mat_c3_re_nm1/work/crates/printer)
   Compiling grep v0.3.2 (/pool/mat_c3_re_nm1/work/crates/grep)
    Finished `test` profile [unoptimized + debuginfo] target(s) in 6.48s
     Running tests/tests.rs (/target/debug/deps/integration-363d9da47f7e0442)

running 6 tests
test regression::r829_2933 ... ok
test regression::r829_2836 ... ok
test regression::r829_2731 ... FAILED
test regression::r829_original ... FAILED
test regression::r829_2778 ... ok
test regression::r829_2747 ... ok

failures:

---- regression::r829_2731 stdout ----

thread 'regression::r829_2731' panicked at tests/util.rs:398:13:


==========
command failed but expected success!

Did your search end up with no results?

command: cd "/tmp/ripgrep-tests/r829_2731/0" && env -u RIPGREP_CONFIG_PATH "/target/debug/deps/../rg" "--path-separator" "/" "-l" "string" "some_dir"

cwd: /tmp/ripgrep-tests/r829_2731/0

dir list: ["/tmp/ripgrep-tests/r829_2731/0", "/tmp/ripgrep-tests/r829_2731/0/.ignore", "/tmp/ripgrep-tests/r829_2731/0/some_dir", "/tmp/ripgrep-tests/r829_2731/0/some_dir/build", "/tmp/ripgrep-tests/r829_2731/0/some_dir/build/foo"]

status: exit status: 1

stdout: 

stderr: 

==========

note: run with `RUST_BACKTRACE=1` environment variable to display a backtrace

---- regression::r829_original stdout ----

thread 'regression::r829_original' panicked at tests/util.rs:328:13:


===== cd "/tmp/ripgrep-tests/r829_original/5" && env -u RIPGREP_CONFIG_PATH "/target/debug/deps/../rg" "--path-separator" "/" "Sample" "a" =====
command succeeded but expected failure!

cwd: /tmp/ripgrep-tests/r829_original/5

dir list: ["/tmp/ripgrep-tests/r829_original/5", "/tmp/ripgrep-tests/r829_original/5/.ignore", "/tmp/ripgrep-tests/r829_original/5/a", "/tmp/ripgrep-tests/r829_original/5/a/b", "/tmp/ripgrep-tests/r829_original/5/a/b/test.txt"]

status: exit status: 0

stdout: a/b/test.txt:Sample text


stderr: 

=====



failures:
    regression::r829_2731
    regression::r829_original

test result: FAILED. 4 passed; 2 failed; 0 ignored; 0 measured; 299 filtered out; finished in 0.06s

error: test failed, to rerun pass `--test integration`
RC=101
