   Compiling grep-matcher v0.1.7 (/pool/mat_c3_ql/work/crates/matcher)
   Compiling ripgrep v14.1.1 (/pool/mat_c3_ql/work)
   Compiling globset v0.4.16 (/pool/mat_c3_ql/work/crates/globset)
   Compiling grep-searcher v0.1.14 (/pool/mat_c3_ql/work/crates/searcher)
   Compiling grep-regex v0.1.13 (/pool/mat_c3_ql/work/crates/regex)
   Compiling grep-cli v0.1.11 (/pool/mat_c3_ql/work/crates/cli)
   Compiling ignore v0.4.23 (/pool/mat_c3_ql/work/crates/ignore)
   Compiling grep-printer v0.2.2 (/pool/mat_c3_ql/work/crates/printer)
   Compiling grep v0.3.2 (/pool/mat_c3_ql/work/crates/grep)
    Finished `test` profile [unoptimized + debuginfo] target(s) in 6.56s
     Running tests/tests.rs (/target/debug/deps/integration-363d9da47f7e0442)

running 6 tests
test regression::r829_2933 ... FAILED
test regression::r829_2836 ... FAILED
test regression::r829_original ... ok
test regression::r829_2747 ... FAILED
test regression::r829_2778 ... FAILED
test regression::r829_2731 ... ok

failures:

---- regression::r829_2933 stdout ----

thread 'regression::r829_2933' panicked at tests/util.rs:328:13:


===== cd "/tmp/ripgrep-tests/r829_2933/5/testdir" && env -u RIPGREP_CONFIG_PATH "/target/debug/deps/../rg" "--path-separator" "/" "--files-with-matches" "needle" =====
command succeeded but expected failure!

cwd: /tmp/ripgrep-tests/r829_2933/5

dir list: ["/tmp/ripgrep-tests/r829_2933/5", "/tmp/ripgrep-tests/r829_2933/5/.ignore", "/tmp/ripgrep-tests/r829_2933/5/testdir", "/tmp/ripgrep-tests/r829_2933/5/testdir/sub", "/tmp/ripgrep-tests/r829_2933/5/testdir/sub/sub2", "/tmp/ripgrep-tests/r829_2933/5/testdir/sub/sub2/testfile"]

status: exit status: 0

stdout: sub/sub2/testfile


stderr: 

=====

note: run with `RUST_BACKTRACE=1` environment variable to display a backtrace

---- regression::r829_2836 stdout ----

thread 'regression::r829_2836' panicked at tests/util.rs:328:13:


===== cd "/tmp/ripgrep-tests/r829_2836/3/testdir" && env -u RIPGREP_CONFIG_PATH "/target/debug/deps/../rg" "--path-separator" "/" "--files" =====
command succeeded but expected failure!

cwd: /tmp/ripgrep-tests/r829_2836/3

dir list: ["/tmp/ripgrep-tests/r829_2836/3", "/tmp/ripgrep-tests/r829_2836/3/.ignore", "/tmp/ripgrep-tests/r829_2836/3/testdir", "/tmp/ripgrep-tests/r829_2836/3/testdir/sub", "/tmp/ripgrep-tests/r829_2836/3/testdir/sub/sub2", "/tmp/ripgrep-tests/r829_2836/3/testdir/sub/sub2/foo"]

status: exit status: 0

stdout: sub/sub2/foo


stderr: 

=====


---- regression::r829_2747 stdout ----

thread 'regression::r829_2747' panicked at tests/util.rs:398:13:


==========
command failed but expected success!

Did your search end up with no results?

command: cd "/tmp/ripgrep-tests/r829_2747/1" && env -u RIPGREP_CONFIG_PATH "/target/debug/deps/../rg" "--path-separator" "/" "--files" "a/src"

cwd: /tmp/ripgrep-tests/r829_2747/1

dir list: ["/tmp/ripgrep-tests/r829_2747/1", "/tmp/ripgrep-tests/r829_2747/1/.ignore", "/tmp/ripgrep-tests/r829_2747/1/a", "/tmp/ripgrep-tests/r829_2747/1/a/src", "/tmp/ripgrep-tests/r829_2747/1/a/src/f", "/tmp/ripgrep-tests/r829_2747/1/a/src/f/b", "/tmp/ripgrep-tests/r829_2747/1/a/src/f/b/foo", "/tmp/ripgrep-tests/r829_2747/1/a/c", "/tmp/ripgrep-tests/r829_2747/1/a/c/b", "/tmp/ripgrep-tests/r829_2747/1/a/c/b/foo"]

status: exit status: 1

stdout: 

stderr: 

==========


---- regression::r829_2778 stdout ----

thread 'regression::r829_2778' panicked at tests/util.rs:398:13:


==========
command failed but expected success!

Did your search end up with no results?

command: cd "/tmp/ripgrep-tests/r829_2778/2/parent" && env -u RIPGREP_CONFIG_PATH "/target/debug/deps/../rg" "--path-separator" "/" "--files"

cwd: /tmp/ripgrep-tests/r829_2778/2

dir list: ["/tmp/ripgrep-tests/r829_2778/2", "/tmp/ripgrep-tests/r829_2778/2/.ignore", "/tmp/ripgrep-tests/r829_2778/2/parent", "/tmp/ripgrep-tests/r829_2778/2/parent/ignore-me.txt", "/tmp/ripgrep-tests/r829_2778/2/parent/subdir", "/tmp/ripgrep-tests/r829_2778/2/parent/subdir/dont-ignore-me.txt"]

status: exit status: 1

stdout: 

stderr: 

==========



failures:
    regression::r829_2747
    regression::r829_2778
    regression::r829_2836
    regression::r829_2933

test result: FAILED. 2 passed; 4 failed; 0 ignored; 0 measured; 299 filtered out; finished in 0.07s

error: test failed, to rerun pass `--test integration`
RC=101
