 Downloading crates ...
  Downloaded quote v1.0.40
  Downloaded unicode-ident v1.0.18
  Downloaded anyhow v1.0.98
  Downloaded proc-macro2 v1.0.95
  Downloaded serde_derive v1.0.219
  Downloaded syn v2.0.104
   Compiling memchr v2.7.5
   Compiling regex-syntax v0.8.5
   Compiling libc v0.2.174
   Compiling log v0.4.27
   Compiling cfg-if v1.0.1
   Compiling crossbeam-utils v0.8.21
   Compiling serde v1.0.219
   Compiling proc-macro2 v1.0.95
   Compiling serde_json v1.0.140
   Compiling unicode-ident v1.0.18
   Compiling ryu v1.0.20
   Compiling itoa v1.0.15
   Compiling termcolor v1.4.1
   Compiling encoding_rs v0.8.35
   Compiling same-file v1.0.6
   Compiling anyhow v1.0.98
   Compiling walkdir v2.5.0
   Compiling ripgrep v14.1.1 (/pool/p5_0_smoke_ripgrep_c3/work)
   Compiling textwrap v0.16.2
   Compiling lexopt v0.3.1
   Compiling aho-corasick v1.1.3
   Compiling grep-matcher v0.1.7 (/pool/p5_0_smoke_ripgrep_c3/work/crates/matcher)
   Compiling crossbeam-epoch v0.9.18
   Compiling encoding_rs_io v0.1.7
   Compiling quote v1.0.40
   Compiling crossbeam-deque v0.8.6
   Compiling syn v2.0.104
   Compiling memmap2 v0.9.5
   Compiling regex-automata v0.4.9
   Compiling serde_derive v1.0.219
   Compiling bstr v1.12.0
   Compiling globset v0.4.16 (/pool/p5_0_smoke_ripgrep_c3/work/crates/globset)
   Compiling grep-searcher v0.1.14 (/pool/p5_0_smoke_ripgrep_c3/work/crates/searcher)
   Compiling grep-regex v0.1.13 (/pool/p5_0_smoke_ripgrep_c3/work/crates/regex)
   Compiling grep-printer v0.2.2 (/pool/p5_0_smoke_ripgrep_c3/work/crates/printer)
   Compiling grep-cli v0.1.11 (/pool/p5_0_smoke_ripgrep_c3/work/crates/cli)
   Compiling ignore v0.4.23 (/pool/p5_0_smoke_ripgrep_c3/work/crates/ignore)
   Compiling grep v0.3.2 (/pool/p5_0_smoke_ripgrep_c3/work/crates/grep)
    Finished `test` profile [unoptimized + debuginfo] target(s) in 12.84s
     Running tests/tests.rs (target/debug/deps/integration-363d9da47f7e0442)

running 6 tests
test regression::r829_2933 ... FAILED
test regression::r829_2778 ... FAILED
test regression::r829_2836 ... FAILED
test regression::r829_2747 ... FAILED
test regression::r829_original ... ok
test regression::r829_2731 ... ok

failures:

---- regression::r829_2933 stdout ----

thread 'regression::r829_2933' panicked at tests/util.rs:328:13:


===== cd "/tmp/ripgrep-tests/r829_2933/4/testdir" && env -u RIPGREP_CONFIG_PATH "/pool/p5_0_smoke_ripgrep_c3/work/target/debug/deps/../rg" "--path-separator" "/" "--files-with-matches" "needle" =====
command succeeded but expected failure!

cwd: /tmp/ripgrep-tests/r829_2933/4

dir list: ["/tmp/ripgrep-tests/r829_2933/4", "/tmp/ripgrep-tests/r829_2933/4/.ignore", "/tmp/ripgrep-tests/r829_2933/4/testdir", "/tmp/ripgrep-tests/r829_2933/4/testdir/sub", "/tmp/ripgrep-tests/r829_2933/4/testdir/sub/sub2", "/tmp/ripgrep-tests/r829_2933/4/testdir/sub/sub2/testfile"]

status: exit status: 0

stdout: sub/sub2/testfile


stderr: 

=====

note: run with `RUST_BACKTRACE=1` environment variable to display a backtrace

---- regression::r829_2778 stdout ----

thread 'regression::r829_2778' panicked at tests/util.rs:398:13:


==========
command failed but expected success!

Did your search end up with no results?

command: cd "/tmp/ripgrep-tests/r829_2778/2/parent" && env -u RIPGREP_CONFIG_PATH "/pool/p5_0_smoke_ripgrep_c3/work/target/debug/deps/../rg" "--path-separator" "/" "--files"

cwd: /tmp/ripgrep-tests/r829_2778/2

dir list: ["/tmp/ripgrep-tests/r829_2778/2", "/tmp/ripgrep-tests/r829_2778/2/.ignore", "/tmp/ripgrep-tests/r829_2778/2/parent", "/tmp/ripgrep-tests/r829_2778/2/parent/ignore-me.txt", "/tmp/ripgrep-tests/r829_2778/2/parent/subdir", "/tmp/ripgrep-tests/r829_2778/2/parent/subdir/dont-ignore-me.txt"]

status: exit status: 1

stdout: 

stderr: 

==========


---- regression::r829_2836 stdout ----

thread 'regression::r829_2836' panicked at tests/util.rs:328:13:


===== cd "/tmp/ripgrep-tests/r829_2836/3/testdir" && env -u RIPGREP_CONFIG_PATH "/pool/p5_0_smoke_ripgrep_c3/work/target/debug/deps/../rg" "--path-separator" "/" "--files" =====
command succeeded but expected failure!

cwd: /tmp/ripgrep-tests/r829_2836/3

dir list: ["/tmp/ripgrep-tests/r829_2836/3", "/tmp/ripgrep-tests/r829_2836/3/.ignore", "/tmp/ripgrep-tests/r829_2836/3/testdir", "/tmp/ripgrep-tests/r829_2836/3/testdir/sub", "/tmp/ripgrep-tests/r829_2836/3/testdir/sub/sub2", "/tmp/ripgrep-tests/r829_2836/3/testdir/sub/sub2/foo"]

status: exit status: 0

stdout: sub/sub2/foo


stderr: 

=====


---- regression::r829_2747 stdout ----

thread 'regression::r829_2747' panicked at tests/util.rs:398:13:


==========
command failed but expected success!

Did your search end up with no results?

command: cd "/tmp/ripgrep-tests/r829_2747/1" && env -u RIPGREP_CONFIG_PATH "/pool/p5_0_smoke_ripgrep_c3/work/target/debug/deps/../rg" "--path-separator" "/" "--files" "a/src"

cwd: /tmp/ripgrep-tests/r829_2747/1

dir list: ["/tmp/ripgrep-tests/r829_2747/1", "/tmp/ripgrep-tests/r829_2747/1/.ignore", "/tmp/ripgrep-tests/r829_2747/1/a", "/tmp/ripgrep-tests/r829_2747/1/a/src", "/tmp/ripgrep-tests/r829_2747/1/a/src/f", "/tmp/ripgrep-tests/r829_2747/1/a/src/f/b", "/tmp/ripgrep-tests/r829_2747/1/a/src/f/b/foo", "/tmp/ripgrep-tests/r829_2747/1/a/c", "/tmp/ripgrep-tests/r829_2747/1/a/c/b", "/tmp/ripgrep-tests/r829_2747/1/a/c/b/foo"]

status: exit status: 1

stdout: 

stderr: 

==========



failures:
    regression::r829_2747
    regression::r829_2778
    regression::r829_2836
    regression::r829_2933

test result: FAILED. 2 passed; 4 failed; 0 ignored; 0 measured; 299 filtered out; finished in 0.07s

error: test failed, to rerun pass `--test integration`
RC=101
