   Compiling memchr v2.7.5
   Compiling regex-syntax v0.8.5
   Compiling log v0.4.27
   Compiling libc v0.2.174
   Compiling serde v1.0.219
   Compiling crossbeam-utils v0.8.21
   Compiling cfg-if v1.0.1
   Compiling proc-macro2 v1.0.95
   Compiling serde_json v1.0.140
   Compiling ryu v1.0.20
   Compiling termcolor v1.4.1
   Compiling itoa v1.0.15
   Compiling unicode-ident v1.0.18
   Compiling encoding_rs v0.8.35
   Compiling anyhow v1.0.98
   Compiling same-file v1.0.6
   Compiling ripgrep v14.1.1 (/pool/p5_0_smoke_ripgrep_c3_nm1/work)
   Compiling textwrap v0.16.2
   Compiling walkdir v2.5.0
   Compiling lexopt v0.3.1
   Compiling aho-corasick v1.1.3
   Compiling grep-matcher v0.1.7 (/pool/p5_0_smoke_ripgrep_c3_nm1/work/crates/matcher)
   Compiling encoding_rs_io v0.1.7
   Compiling crossbeam-epoch v0.9.18
   Compiling quote v1.0.40
   Compiling crossbeam-deque v0.8.6
   Compiling syn v2.0.104
   Compiling memmap2 v0.9.5
   Compiling regex-automata v0.4.9
   Compiling serde_derive v1.0.219
   Compiling bstr v1.12.0
   Compiling globset v0.4.16 (/pool/p5_0_smoke_ripgrep_c3_nm1/work/crates/globset)
   Compiling grep-searcher v0.1.14 (/pool/p5_0_smoke_ripgrep_c3_nm1/work/crates/searcher)
   Compiling grep-regex v0.1.13 (/pool/p5_0_smoke_ripgrep_c3_nm1/work/crates/regex)
   Compiling grep-printer v0.2.2 (/pool/p5_0_smoke_ripgrep_c3_nm1/work/crates/printer)
   Compiling grep-cli v0.1.11 (/pool/p5_0_smoke_ripgrep_c3_nm1/work/crates/cli)
   Compiling ignore v0.4.23 (/pool/p5_0_smoke_ripgrep_c3_nm1/work/crates/ignore)
   Compiling grep v0.3.2 (/pool/p5_0_smoke_ripgrep_c3_nm1/work/crates/grep)
    Finished `test` profile [unoptimized + debuginfo] target(s) in 10.94s
     Running tests/tests.rs (target/debug/deps/integration-363d9da47f7e0442)

running 6 tests
test regression::r829_2933 ... ok
test regression::r829_2836 ... ok
test regression::r829_2778 ... ok
test regression::r829_original ... FAILED
test regression::r829_2731 ... FAILED
test regression::r829_2747 ... ok

failures:

---- regression::r829_original stdout ----

thread 'regression::r829_original' panicked at tests/util.rs:328:13:


===== cd "/tmp/ripgrep-tests/r829_original/5" && env -u RIPGREP_CONFIG_PATH "/pool/p5_0_smoke_ripgrep_c3_nm1/work/target/debug/deps/../rg" "--path-separator" "/" "Sample" "a" =====
command succeeded but expected failure!

cwd: /tmp/ripgrep-tests/r829_original/5

dir list: ["/tmp/ripgrep-tests/r829_original/5", "/tmp/ripgrep-tests/r829_original/5/.ignore", "/tmp/ripgrep-tests/r829_original/5/a", "/tmp/ripgrep-tests/r829_original/5/a/b", "/tmp/ripgrep-tests/r829_original/5/a/b/test.txt"]

status: exit status: 0

stdout: a/b/test.txt:Sample text


stderr: 

=====

note: run with `RUST_BACKTRACE=1` environment variable to display a backtrace

---- regression::r829_2731 stdout ----

thread 'regression::r829_2731' panicked at tests/util.rs:398:13:


==========
command failed but expected success!

Did your search end up with no results?

command: cd "/tmp/ripgrep-tests/r829_2731/0" && env -u RIPGREP_CONFIG_PATH "/pool/p5_0_smoke_ripgrep_c3_nm1/work/target/debug/deps/../rg" "--path-separator" "/" "-l" "string" "some_dir"

cwd: /tmp/ripgrep-tests/r829_2731/0

dir list: ["/tmp/ripgrep-tests/r829_2731/0", "/tmp/ripgrep-tests/r829_2731/0/.ignore", "/tmp/ripgrep-tests/r829_2731/0/some_dir", "/tmp/ripgrep-tests/r829_2731/0/some_dir/build", "/tmp/ripgrep-tests/r829_2731/0/some_dir/build/foo"]

status: exit status: 1

stdout: 

stderr: 

==========



failures:
    regression::r829_2731
    regression::r829_original

test result: FAILED. 4 passed; 2 failed; 0 ignored; 0 measured; 299 filtered out; finished in 0.05s

error: test failed, to rerun pass `--test integration`
RC=101
